Found 9 matching chunks:

[Rank 1] Sim: 0.4324 | Time: 02:36
Content:  선택을 해서 사용하면 됩니다. 그러면 내가 원하는 시퀀스 설정 즉 새로운 도화지를 한번 만들어 보겠습니다.  영상에서 많이 쓰는 시퀀스를 보면...
----------------------------------------
[Rank 2] Sim: 0.3880 | Time: 00:00
Content: 영상에서 많이 쓰는 시퀀스를 보면 HD 사이즈죠. 1280x720 사이즈 입니다. 그리고 FHD 는 유튜브 이런데서 많이 쓰죠. 1920x108...
----------------------------------------
[Rank 3] Sim: 0.3401 | Time: 00:00
Content: 이 중첩 부분을 선택을 하고  Ctrl-R 하거나 마우스 우클릭해서 속도 지속시간 선택 그리고 200%  확인해 보면  하나를 알뜻기를 누르고 ...
----------------------------------------
[Rank 4] Sim: 0.3377 | Time: 05:18
Content:  있는 거 볼 수 있습니다. 그리고 이렇게 시퀀스가 만들어졌죠. 이제 여기에서 작업을 하면 됩니다.  프로젝트 패널을 더블클릭해서 저는 영상을 ...
----------------------------------------
[Rank 5] Sim: 0.3302 | Time: 00:00
Content: 프로젝트 패널을 더블클릭해서 저는 영상을 가지고 와 보겠습니다. 도시 영상 하나 컨트롤 키를 누른 상태에서 신호등  학생의 열기에서 이렇게 열었...
----------------------------------------
[Rank 6] Sim: 0.3148 | Time: 00:00
Content: 자 여기 오디오도 잘라 보겠습니다. 자 인디케이터 쉬프트 키를 잡고 끝에 이렇게 가져다 대면  달라붙죠. 클릭해서 선택을 해야 되겠죠. 그리고 ...
----------------------------------------
[Rank 7] Sim: 0.3082 | Time: 10:57
Content:  그리고 클릭 드래그를 해서 이렇게 좀 두껍게 좀 해 볼게요. 조절을 하고  축소 확대는 여기에서 합니다. 여기를 클릭 드래그를 해서 확대를 하...
----------------------------------------
[Rank 8] Sim: 0.3080 | Time: 10:42
Content:  잘 안보이죠? 그래서 이 성능을 선택을 하고 이 선에는 노란색인데 어두운 톤으로 이렇게 만들어서  확인했습니다. 그러면 선이 지금 잘 안보이죠...
----------------------------------------
[Rank 9] Sim: 0.3059 | Time: 07:55
Content:  그럼 저는 1920x1080 새로 만들었으니까 시퀀스를 그대로 가지고 오겠습니다.  기존 설정 유지 클릭. 그러면 이렇게 조그만 사이즈, 처음...
----------------------------------------
